// Jest Snapshot v1, https://goo.gl/fbAQLP

exports[`matches snapshot 1`] = `
Array [
  <div
    className="modal-backdrop show"
    onClick={[Function]}
  />,
  <div
    aria-modal={true}
    className="modal"
    onClick={[Function]}
    onMouseUp={[Function]}
    role="dialog"
    style={
      Object {
        "display": "block",
      }
    }
    tabIndex={-1}
  >
    <div
      className="modal-dialog"
      onMouseDown={[Function]}
    >
      <div
        className="modal-content"
      >
        <div
          className="modal-header"
        >
          <div
            className="modal-title h4"
          >
            Вы уверены, что хотите удалить элемент?
          </div>
        </div>
        <div
          className="modal-footer"
        >
          <button
            className="btn btn-primary"
            data-testid="delete-todo"
            disabled={false}
            onClick={[Function]}
            type="button"
          >
            Да
          </button>
          <button
            className="btn btn-secondary"
            data-testid="not-delete-todo"
            disabled={false}
            onClick={[Function]}
            type="button"
          >
            Нет
          </button>
        </div>
      </div>
    </div>
  </div>,
]
`;
