// Jest Snapshot v1, https://goo.gl/fbAQLP

exports[`matches snapshot 1`] = `
Array [
  <div
    data-testid="todo-list"
  />,
  <button
    className="btn btn-primary"
    data-testid="add-item"
    disabled={false}
    type="button"
  >
    Добавить элемент
  </button>,
]
`;
